
--- Testing /api/market-data ---
Fetched data for: ['AAPL', 'MSFT', 'TSLA']
AAPL: Price=$0.0, 1D%=0.0, 1Y%=0.0, 5Y%=None
FAILED: Missing historical data for AAPL
MSFT: Price=$0.0, 1D%=0.0, 1Y%=0.0, 5Y%=None
FAILED: Missing historical data for MSFT
TSLA: Price=$0.0, 1D%=0.0, 1Y%=0.0, 5Y%=None
FAILED: Missing historical data for TSLA

--- Testing /api/market-data/details ---
FAILED: Status Code 404

--- Testing Comment Auth ---
FAILED: Anonymous comment allowed? Status: 200
SUCCESS: User comment accepted.

--- Testing Voting Limits ---
Vote Up: 200
Vote Up Again (Toggle): 200

--- Testing Share Counter ---
Shares: 56 -> 56
FAILED: Share counter did not increment correctly.
